orm\commands\table\Insert.class
orm\utility\Driver.class
orm\commands\Column.class
orm\commands\table\Alter.class
orm\commands\table\Export.class
orm\commands\table\Drop.class
orm\utility\XmlToJava.class
orm\exceptions\NullTagException.class
orm\dao\DAOFactory.class
orm\exceptions\InvalidContentException.class
orm\utility\FindValidFiles.class
orm\commands\table\Delete.class
orm\dao\ConnectionPool.class
orm\exceptions\InvalidAttributeException.class
orm\exceptions\NullContentException.class
orm\exceptions\NullAttributeException.class
orm\commands\Table.class
user\classes\CreateAnimal.class
orm\commands\table\alter\Type.class
orm\utility\FindValidFiles$1.class
orm\commands\table\alter\Constraint.class
orm\dao\ReadProperties.class
orm\exceptions\MultipleTagsException.class
orm\commands\table\alter\DropColumn.class
orm\commands\table\Update.class
orm\dao\ConnectionSingleton.class
orm\dao\GenericDAO.class
orm\commands\table\Create.class
orm\commands\table\alter\Add.class
user\classes\Animal.class
