C:\Users\Luke\Desktop\Computer Science\gitrepos\Project1\src\main\java\orm\commands\table\Delete.java
C:\Users\Luke\Desktop\Computer Science\gitrepos\Project1\src\main\java\orm\commands\Column.java
C:\Users\Luke\Desktop\Computer Science\gitrepos\Project1\src\main\java\orm\dao\ConnectionSingleton.java
C:\Users\Luke\Desktop\Computer Science\gitrepos\Project1\src\main\java\orm\commands\Table.java
C:\Users\Luke\Desktop\Computer Science\gitrepos\Project1\src\main\java\orm\utility\Driver.java
C:\Users\Luke\Desktop\Computer Science\gitrepos\Project1\src\main\java\orm\dao\ConnectionPool.java
C:\Users\Luke\Desktop\Computer Science\gitrepos\Project1\src\main\java\orm\dao\DAOFactory.java
C:\Users\Luke\Desktop\Computer Science\gitrepos\Project1\src\main\java\orm\exceptions\InvalidAttributeException.java
C:\Users\Luke\Desktop\Computer Science\gitrepos\Project1\src\main\java\orm\exceptions\InvalidContentException.java
C:\Users\Luke\Desktop\Computer Science\gitrepos\Project1\src\main\java\orm\dao\ReadProperties.java
C:\Users\Luke\Desktop\Computer Science\gitrepos\Project1\src\main\java\orm\commands\table\Drop.java
C:\Users\Luke\Desktop\Computer Science\gitrepos\Project1\src\main\java\orm\exceptions\NullAttributeException.java
C:\Users\Luke\Desktop\Computer Science\gitrepos\Project1\src\main\java\orm\commands\table\Insert.java
C:\Users\Luke\Desktop\Computer Science\gitrepos\Project1\src\main\java\orm\exceptions\NullTagException.java
C:\Users\Luke\Desktop\Computer Science\gitrepos\Project1\src\main\java\orm\commands\table\Alter.java
C:\Users\Luke\Desktop\Computer Science\gitrepos\Project1\src\main\java\orm\dao\GenericDAO.java
C:\Users\Luke\Desktop\Computer Science\gitrepos\Project1\src\main\java\orm\commands\table\alter\Type.java
C:\Users\Luke\Desktop\Computer Science\gitrepos\Project1\src\main\java\user\classes\CreateAnimal.java
C:\Users\Luke\Desktop\Computer Science\gitrepos\Project1\src\main\java\orm\commands\table\Create.java
C:\Users\Luke\Desktop\Computer Science\gitrepos\Project1\src\main\java\orm\exceptions\NullContentException.java
C:\Users\Luke\Desktop\Computer Science\gitrepos\Project1\src\main\java\orm\utility\FindValidFiles.java
C:\Users\Luke\Desktop\Computer Science\gitrepos\Project1\src\main\java\orm\commands\table\alter\Constraint.java
C:\Users\Luke\Desktop\Computer Science\gitrepos\Project1\src\main\java\orm\commands\table\Export.java
C:\Users\Luke\Desktop\Computer Science\gitrepos\Project1\src\main\java\orm\exceptions\MultipleTagsException.java
C:\Users\Luke\Desktop\Computer Science\gitrepos\Project1\src\main\java\orm\commands\table\Update.java
C:\Users\Luke\Desktop\Computer Science\gitrepos\Project1\src\main\java\orm\utility\XmlToJava.java
C:\Users\Luke\Desktop\Computer Science\gitrepos\Project1\src\main\java\user\classes\Animal.java
C:\Users\Luke\Desktop\Computer Science\gitrepos\Project1\src\main\java\orm\commands\table\alter\Add.java
C:\Users\Luke\Desktop\Computer Science\gitrepos\Project1\src\main\java\orm\commands\table\alter\DropColumn.java
